node.exe : node_modules/@vueuse/core/dist/index.js (3362:0): A comment
所在位置 C:\Program Files\nodejs\npx.ps1:29 字符: 3
+   & $NODE_EXE $NPX_CLI_JS $args
+   ~~~~~~~~~~~~~~~~~~~~~~~~~~~~~
    + CategoryInfo          : NotSpecified: (node_modules/@v...2:0): A comment:String) [], RemoteException
    + FullyQualifiedErrorId : NativeCommandError
 

"/* #__PURE__ */"

in "node_modules/@vueuse/core/dist/index.js" contains an annotation that Rollup cannot interpret due to the position of
 the comment. The comment will be removed to avoid issues.
node_modules/@vueuse/core/dist/index.js (5780:22): A comment

"/* #__PURE__ */"

in "node_modules/@vueuse/core/dist/index.js" contains an annotation that Rollup cannot interpret due to the position of
 the comment. The comment will be removed to avoid issues.
[31mx[39m Build failed in 11.06s
[31merror during build:
[31msrc/components/ChatSimulator.vue?vue&type=script&setup=true&lang.ts (10:9): "sendChatMessage" is not exported by "
src/api/index.ts", imported by "src/components/ChatSimulator.vue?vue&type=script&setup=true&lang.ts".[31m
file: [36mC:/Users/陈洁莹/Desktop/学习/学年设计3/frontend/src/components/ChatSimulator.vue?vue&type=script&setup=true&lang.ts:1
0:9[31m
[33m
 8: 
 9: import { ref } from 'vue';
10: import { sendChatMessage } from '../api';
             ^
[31m
    at getRollupError (file:///C:/Users/%E9%99%88%E6%B4%81%E8%8E%B9/Desktop/%E5%AD%A6%E4%B9%A0/%E5%AD%A6%E5%B9%B4%E8%AE
%BE%E8%AE%A13/frontend/node_modules/rollup/dist/es/shared/parseAst.js:317:41)
    at error (file:///C:/Users/%E9%99%88%E6%B4%81%E8%8E%B9/Desktop/%E5%AD%A6%E4%B9%A0/%E5%AD%A6%E5%B9%B4%E8%AE%BE%E8%AE
%A13/frontend/node_modules/rollup/dist/es/shared/parseAst.js:313:42)
    at Module.error (file:///C:/Users/%E9%99%88%E6%B4%81%E8%8E%B9/Desktop/%E5%AD%A6%E4%B9%A0/%E5%AD%A6%E5%B9%B4%E8%AE%B
E%E8%AE%A13/frontend/node_modules/rollup/dist/es/shared/node-entry.js:17396:16)
    at Module.traceVariable (file:///C:/Users/%E9%99%88%E6%B4%81%E8%8E%B9/Desktop/%E5%AD%A6%E4%B9%A0/%E5%AD%A6%E5%B9%B4
%E8%AE%BE%E8%AE%A13/frontend/node_modules/rollup/dist/es/shared/node-entry.js:17829:29)
    at ModuleScope.findVariable (file:///C:/Users/%E9%99%88%E6%B4%81%E8%8E%B9/Desktop/%E5%AD%A6%E4%B9%A0/%E5%AD%A6%E5%B
9%B4%E8%AE%BE%E8%AE%A13/frontend/node_modules/rollup/dist/es/shared/node-entry.js:15419:39)
    at ChildScope.findVariable (file:///C:/Users/%E9%99%88%E6%B4%81%E8%8E%B9/Desktop/%E5%AD%A6%E4%B9%A0/%E5%AD%A6%E5%B9
%B4%E8%AE%BE%E8%AE%A13/frontend/node_modules/rollup/dist/es/shared/node-entry.js:5684:38)
    at FunctionScope.findVariable (file:///C:/Users/%E9%99%88%E6%B4%81%E8%8E%B9/Desktop/%E5%AD%A6%E4%B9%A0/%E5%AD%A6%E5
%B9%B4%E8%AE%BE%E8%AE%A13/frontend/node_modules/rollup/dist/es/shared/node-entry.js:5684:38)
    at FunctionBodyScope.findVariable (file:///C:/Users/%E9%99%88%E6%B4%81%E8%8E%B9/Desktop/%E5%AD%A6%E4%B9%A0/%E5%AD%A
6%E5%B9%B4%E8%AE%BE%E8%AE%A13/frontend/node_modules/rollup/dist/es/shared/node-entry.js:5684:38)
    at ReturnValueScope.findVariable (file:///C:/Users/%E9%99%88%E6%B4%81%E8%8E%B9/Desktop/%E5%AD%A6%E4%B9%A0/%E5%AD%A6
%E5%B9%B4%E8%AE%BE%E8%AE%A13/frontend/node_modules/rollup/dist/es/shared/node-entry.js:5684:38)
    at FunctionBodyScope.findVariable (file:///C:/Users/%E9%99%88%E6%B4%81%E8%8E%B9/Desktop/%E5%AD%A6%E4%B9%A0/%E5%AD%A
6%E5%B9%B4%E8%AE%BE%E8%AE%A13/frontend/node_modules/rollup/dist/es/shared/node-entry.js:5684:38)[39m
