[INFO] Scanning for projects...
[INFO] 
[INFO] -------------------< com.example:cybersec-platform >--------------------
[INFO] Building cybersec-platform 0.0.1-SNAPSHOT
[INFO]   from pom.xml
[INFO] --------------------------------[ jar ]---------------------------------
[WARNING] The artifact mysql:mysql-connector-java:jar:8.0.33 has been relocated to com.mysql:mysql-connector-j:jar:8.0.33: MySQL Connector/J artifacts moved to reverse-DNS compliant Maven 2+ coordinates.
[INFO] 
[INFO] --- resources:3.2.0:resources (default-resources) @ cybersec-platform ---
[INFO] Using 'UTF-8' encoding to copy filtered resources.
[INFO] Using 'UTF-8' encoding to copy filtered properties files.
[INFO] Copying 1 resource
[INFO] Copying 4 resources
[INFO] 
[INFO] --- compiler:3.11.0:compile (default-compile) @ cybersec-platform ---
[INFO] Nothing to compile - all classes are up to date
[INFO] ------------------------------------------------------------------------
[INFO] BUILD SUCCESS
[INFO] ------------------------------------------------------------------------
[INFO] Total time:  3.456 s
[INFO] Finished at: 2026-07-05T15:11:08+08:00
[INFO] ------------------------------------------------------------------------
